../Core/Src/main.c:90:6:HAL_CAN_RxFifo0MsgPendingCallback	16	static
../Core/Src/main.c:96:6:HAL_CAN_ErrorCallback	72	static
../Core/Src/main.c:108:5:main	48	static
../Core/Src/main.c:187:6:SystemClock_Config	88	static
../Core/Src/main.c:233:13:MX_CAN1_Init	48	static
../Core/Src/main.c:283:13:MX_USART2_UART_Init	8	static
../Core/Src/main.c:316:13:MX_GPIO_Init	40	static
../Core/Src/main.c:354:6:StartDefaultTask	120	static
../Core/Src/main.c:390:6:HAL_TIM_PeriodElapsedCallback	16	static
../Core/Src/main.c:408:6:Error_Handler	4	static,ignoring_inline_asm
