../Core/Src/main.c:80:6:HAL_CAN_RxFifo0MsgPendingCallback	16	static
../Core/Src/main.c:105:5:main	72	static
../Core/Src/main.c:189:6:SystemClock_Config	88	static
../Core/Src/main.c:234:13:MX_CAN1_Init	48	static
../Core/Src/main.c:286:13:MX_USART2_UART_Init	8	static
../Core/Src/main.c:319:13:MX_GPIO_Init	40	static
../Core/Src/main.c:347:6:canRxTask	136	static
../Core/Src/main.c:378:6:StartDefaultTask	16	static
../Core/Src/main.c:397:6:HAL_TIM_PeriodElapsedCallback	16	static
../Core/Src/main.c:415:6:Error_Handler	4	static,ignoring_inline_asm
