../Core/Src/main.c:87:6:HAL_CAN_RxFifo0MsgPendingCallback	16	static
../Core/Src/main.c:112:5:main	104	static
../Core/Src/main.c:200:6:SystemClock_Config	88	static
../Core/Src/main.c:246:13:MX_CAN1_Init	48	static
../Core/Src/main.c:298:13:MX_USART2_UART_Init	8	static
../Core/Src/main.c:331:13:MX_USART3_UART_Init	8	static
../Core/Src/main.c:364:13:MX_GPIO_Init	40	static
../Core/Src/main.c:392:6:canRxTask	184	static
../Core/Src/main.c:410:6:canRxTask1	88	static
../Core/Src/main.c:438:6:StartDefaultTask	16	static
../Core/Src/main.c:457:6:HAL_TIM_PeriodElapsedCallback	16	static
../Core/Src/main.c:475:6:Error_Handler	4	static,ignoring_inline_asm
