../Core/Src/main.c:88:5:main	104	static
../Core/Src/main.c:188:6:SystemClock_Config	88	static
../Core/Src/main.c:234:13:MX_ADC1_Init	24	static
../Core/Src/main.c:286:13:MX_ADC2_Init	24	static
../Core/Src/main.c:338:13:MX_CAN1_Init	8	static
../Core/Src/main.c:375:13:MX_USART2_UART_Init	8	static
../Core/Src/main.c:408:13:MX_GPIO_Init	48	static
../Core/Src/main.c:438:6:StartSensorTask	16	static
../Core/Src/main.c:459:6:StartCanTxTask	80	static
../Core/Src/main.c:498:6:StartDefaultTask	16	static
../Core/Src/main.c:517:6:HAL_TIM_PeriodElapsedCallback	16	static
../Core/Src/main.c:535:6:Error_Handler	4	static,ignoring_inline_asm
